AR shiftregister behavioral C:/Users/marti/Documents/Projects/Isel/SpaceInvader/VHDL/ShiftRegister.vhd sub00/vhpl17 1592856132
EN keyscan NULL C:/Users/marti/Documents/Projects/Isel/SpaceInvader/VHDL/KeyScan.vhd sub00/vhpl22 1592856137
AR serialreceiver structural C:/Users/marti/Documents/Projects/Isel/SpaceInvader/VHDL/SerialReceiver.vhd sub00/vhpl25 1592856140
EN spaceinvaderwrapper NULL C:/Users/marti/Documents/Projects/Isel/SpaceInvader/VHDL/SpaceInvaderWrapper.vhd sub00/vhpl36 1592856151
AR keyboardreader structural C:/Users/marti/Documents/Projects/Isel/SpaceInvader/VHDL/KeyboardReader.vhd sub00/vhpl33 1592856148
EN counter2bit NULL C:/Users/marti/Documents/Projects/Isel/SpaceInvader/VHDL/Counter2bit.vhd sub00/vhpl04 1592856119
AR serialcontrol structural C:/Users/marti/Documents/Projects/Isel/SpaceInvader/VHDL/SerialControl.vhd sub00/vhpl11 1592856126
AR register_d behavioral C:/Users/marti/Documents/Projects/Isel/SpaceInvader/VHDL/Register_D.vhd sub00/vhpl03 1592856118
EN slcdc NULL C:/Users/marti/Documents/Projects/Isel/SpaceInvader/VHDL/SLCDC.vhd sub00/vhpl34 1592856149
AR keybuffer structural C:/Users/marti/Documents/Projects/Isel/SpaceInvader/VHDL/KeyBuffer.vhd sub00/vhpl31 1592856146
EN keybuffer NULL C:/Users/marti/Documents/Projects/Isel/SpaceInvader/VHDL/KeyBuffer.vhd sub00/vhpl30 1592856145
EN priorityenconder NULL C:/Users/marti/Documents/Projects/Isel/SpaceInvader/VHDL/PriorityEnconder.vhd sub00/vhpl08 1592856123
EN serialreceiver NULL C:/Users/marti/Documents/Projects/Isel/SpaceInvader/VHDL/SerialReceiver.vhd sub00/vhpl24 1592856139
AR keybuffercontrol behavioral C:/Users/marti/Documents/Projects/Isel/SpaceInvader/VHDL/KeyBufferControl.vhd sub00/vhpl19 1592856134
AR lcddispatcher structural C:/Users/marti/Documents/Projects/Isel/SpaceInvader/VHDL/LCDDispatcher.vhd sub00/vhpl27 1592856142
EN shiftregister NULL C:/Users/marti/Documents/Projects/Isel/SpaceInvader/VHDL/ShiftRegister.vhd sub00/vhpl16 1592856131
AR decoder behavioral C:/Users/marti/Documents/Projects/Isel/SpaceInvader/VHDL/Decoder.vhd sub00/vhpl07 1592856122
EN paritycheck NULL C:/Users/marti/Documents/Projects/Isel/SpaceInvader/VHDL/ParityCheck.vhd sub00/vhpl12 1592856127
AR slcdc structural C:/Users/marti/Documents/Projects/Isel/SpaceInvader/VHDL/SLCDC.vhd sub00/vhpl35 1592856150
AR priorityenconder behavioral C:/Users/marti/Documents/Projects/Isel/SpaceInvader/VHDL/PriorityEnconder.vhd sub00/vhpl09 1592856124
EN keycontrol NULL C:/Users/marti/Documents/Projects/Isel/SpaceInvader/VHDL/KeyControl.vhd sub00/vhpl20 1592856135
EN serialcontrol NULL C:/Users/marti/Documents/Projects/Isel/SpaceInvader/VHDL/SerialControl.vhd sub00/vhpl10 1592856125
EN keybuffercontrol NULL C:/Users/marti/Documents/Projects/Isel/SpaceInvader/VHDL/KeyBufferControl.vhd sub00/vhpl18 1592856133
AR counter2bit structural C:/Users/marti/Documents/Projects/Isel/SpaceInvader/VHDL/Counter2bit.vhd sub00/vhpl05 1592856120
AR register_t behavioral C:/Users/marti/Documents/Projects/Isel/SpaceInvader/VHDL/Register_T.vhd sub00/vhpl01 1592856116
EN keydecoder NULL C:/Users/marti/Documents/Projects/Isel/SpaceInvader/VHDL/KeyDecoder.vhd sub00/vhpl28 1592856143
AR keydecoder structural C:/Users/marti/Documents/Projects/Isel/SpaceInvader/VHDL/KeyDecoder.vhd sub00/vhpl29 1592856144
AR keycontrol behavioral C:/Users/marti/Documents/Projects/Isel/SpaceInvader/VHDL/KeyControl.vhd sub00/vhpl21 1592856136
AR paritycheck behavioral C:/Users/marti/Documents/Projects/Isel/SpaceInvader/VHDL/ParityCheck.vhd sub00/vhpl13 1592856128
EN register_d NULL C:/Users/marti/Documents/Projects/Isel/SpaceInvader/VHDL/Register_D.vhd sub00/vhpl02 1592856117
EN counter3bit NULL C:/Users/marti/Documents/Projects/Isel/SpaceInvader/VHDL/Counter3bit.vhd sub00/vhpl14 1592856129
EN decoder NULL C:/Users/marti/Documents/Projects/Isel/SpaceInvader/VHDL/Decoder.vhd sub00/vhpl06 1592856121
EN register_t NULL C:/Users/marti/Documents/Projects/Isel/SpaceInvader/VHDL/Register_T.vhd sub00/vhpl00 1592856115
AR keyscan structural C:/Users/marti/Documents/Projects/Isel/SpaceInvader/VHDL/KeyScan.vhd sub00/vhpl23 1592856138
EN lcddispatcher NULL C:/Users/marti/Documents/Projects/Isel/SpaceInvader/VHDL/LCDDispatcher.vhd sub00/vhpl26 1592856141
EN keyboardreader NULL C:/Users/marti/Documents/Projects/Isel/SpaceInvader/VHDL/KeyboardReader.vhd sub00/vhpl32 1592856147
AR spaceinvaderwrapper behavioral C:/Users/marti/Documents/Projects/Isel/SpaceInvader/VHDL/SpaceInvaderWrapper.vhd sub00/vhpl37 1592856152
AR counter3bit structural C:/Users/marti/Documents/Projects/Isel/SpaceInvader/VHDL/Counter3bit.vhd sub00/vhpl15 1592856130
