V3 75
FL C:/Users/marti/Documents/Projects/Isel/SpaceInvader/VHDL/Counter2bit.vhd 2020/06/22.19:53:53 P.20131013
EN work/Counter2bit 1592856119 \
      FL C:/Users/marti/Documents/Projects/Isel/SpaceInvader/VHDL/Counter2bit.vhd \
      PB ieee/std_logic_1164 1381692176
AR work/Counter2bit/Structural 1592856120 \
      FL C:/Users/marti/Documents/Projects/Isel/SpaceInvader/VHDL/Counter2bit.vhd \
      EN work/Counter2bit 1592856119 CP Register_T
FL C:/Users/marti/Documents/Projects/Isel/SpaceInvader/VHDL/Counter3bit.vhd 2020/06/22.19:58:39 P.20131013
EN work/Counter3bit 1592856129 \
      FL C:/Users/marti/Documents/Projects/Isel/SpaceInvader/VHDL/Counter3bit.vhd \
      PB ieee/std_logic_1164 1381692176
AR work/Counter3bit/Structural 1592856130 \
      FL C:/Users/marti/Documents/Projects/Isel/SpaceInvader/VHDL/Counter3bit.vhd \
      EN work/Counter3bit 1592856129 CP Register_T
FL C:/Users/marti/Documents/Projects/Isel/SpaceInvader/VHDL/Decoder.vhd 2020/06/03.17:14:36 P.20131013
EN work/Decoder 1592856121 \
      FL C:/Users/marti/Documents/Projects/Isel/SpaceInvader/VHDL/Decoder.vhd \
      PB ieee/std_logic_1164 1381692176
AR work/Decoder/Behavioral 1592856122 \
      FL C:/Users/marti/Documents/Projects/Isel/SpaceInvader/VHDL/Decoder.vhd \
      EN work/Decoder 1592856121
FL C:/Users/marti/Documents/Projects/Isel/SpaceInvader/VHDL/KeyboardReader.vhd 2020/06/21.18:15:21 P.20131013
EN work/KeyboardReader 1592856147 \
      FL C:/Users/marti/Documents/Projects/Isel/SpaceInvader/VHDL/KeyboardReader.vhd \
      PB ieee/std_logic_1164 1381692176
AR work/KeyboardReader/Structural 1592856148 \
      FL C:/Users/marti/Documents/Projects/Isel/SpaceInvader/VHDL/KeyboardReader.vhd \
      EN work/KeyboardReader 1592856147 CP KeyDecoder CP KeyBuffer
FL C:/Users/marti/Documents/Projects/Isel/SpaceInvader/VHDL/KeyBuffer.vhd 2020/06/03.17:14:36 P.20131013
EN work/KeyBuffer 1592856145 \
      FL C:/Users/marti/Documents/Projects/Isel/SpaceInvader/VHDL/KeyBuffer.vhd \
      PB ieee/std_logic_1164 1381692176
AR work/KeyBuffer/Structural 1592856146 \
      FL C:/Users/marti/Documents/Projects/Isel/SpaceInvader/VHDL/KeyBuffer.vhd \
      EN work/KeyBuffer 1592856145 CP Register_D CP KeyBufferControl
FL C:/Users/marti/Documents/Projects/Isel/SpaceInvader/VHDL/KeyBufferControl.vhd 2020/06/21.18:15:21 P.20131013
EN work/KeyBufferControl 1592856133 \
      FL C:/Users/marti/Documents/Projects/Isel/SpaceInvader/VHDL/KeyBufferControl.vhd \
      PB ieee/std_logic_1164 1381692176
AR work/KeyBufferControl/Behavioral 1592856134 \
      FL C:/Users/marti/Documents/Projects/Isel/SpaceInvader/VHDL/KeyBufferControl.vhd \
      EN work/KeyBufferControl 1592856133
FL C:/Users/marti/Documents/Projects/Isel/SpaceInvader/VHDL/KeyControl.vhd 2020/06/03.17:14:36 P.20131013
EN work/KeyControl 1592856135 \
      FL C:/Users/marti/Documents/Projects/Isel/SpaceInvader/VHDL/KeyControl.vhd \
      PB ieee/std_logic_1164 1381692176
AR work/KeyControl/Behavioral 1592856136 \
      FL C:/Users/marti/Documents/Projects/Isel/SpaceInvader/VHDL/KeyControl.vhd \
      EN work/KeyControl 1592856135
FL C:/Users/marti/Documents/Projects/Isel/SpaceInvader/VHDL/KeyDecoder.vhd 2020/06/03.17:14:36 P.20131013
EN work/KeyDecoder 1592856143 \
      FL C:/Users/marti/Documents/Projects/Isel/SpaceInvader/VHDL/KeyDecoder.vhd \
      PB ieee/std_logic_1164 1381692176
AR work/KeyDecoder/Structural 1592856144 \
      FL C:/Users/marti/Documents/Projects/Isel/SpaceInvader/VHDL/KeyDecoder.vhd \
      EN work/KeyDecoder 1592856143 CP KeyControl CP KeyScan
FL C:/Users/marti/Documents/Projects/Isel/SpaceInvader/VHDL/KeyScan.vhd 2020/06/03.17:14:36 P.20131013
EN work/KeyScan 1592856137 \
      FL C:/Users/marti/Documents/Projects/Isel/SpaceInvader/VHDL/KeyScan.vhd \
      PB ieee/std_logic_1164 1381692176
AR work/KeyScan/Structural 1592856138 \
      FL C:/Users/marti/Documents/Projects/Isel/SpaceInvader/VHDL/KeyScan.vhd \
      EN work/KeyScan 1592856137 CP Counter2bit CP Register_D CP Decoder \
      CP PriorityEnconder
FL C:/Users/marti/Documents/Projects/Isel/SpaceInvader/VHDL/LCDDispatcher.vhd 2020/06/21.18:15:21 P.20131013
EN work/LCDDispatcher 1592856141 \
      FL C:/Users/marti/Documents/Projects/Isel/SpaceInvader/VHDL/LCDDispatcher.vhd \
      PB ieee/std_logic_1164 1381692176
AR work/LCDDispatcher/Structural 1592856142 \
      FL C:/Users/marti/Documents/Projects/Isel/SpaceInvader/VHDL/LCDDispatcher.vhd \
      EN work/LCDDispatcher 1592856141
FL C:/Users/marti/Documents/Projects/Isel/SpaceInvader/VHDL/ParityCheck.vhd 2020/06/22.19:57:01 P.20131013
EN work/ParityCheck 1592856127 \
      FL C:/Users/marti/Documents/Projects/Isel/SpaceInvader/VHDL/ParityCheck.vhd \
      PB ieee/std_logic_1164 1381692176
AR work/ParityCheck/Behavioral 1592856128 \
      FL C:/Users/marti/Documents/Projects/Isel/SpaceInvader/VHDL/ParityCheck.vhd \
      EN work/ParityCheck 1592856127 CP Register_D
FL C:/Users/marti/Documents/Projects/Isel/SpaceInvader/VHDL/PriorityEnconder.vhd 2020/06/03.17:14:36 P.20131013
EN work/PriorityEnconder 1592856123 \
      FL C:/Users/marti/Documents/Projects/Isel/SpaceInvader/VHDL/PriorityEnconder.vhd \
      PB ieee/std_logic_1164 1381692176
AR work/PriorityEnconder/Behavioral 1592856124 \
      FL C:/Users/marti/Documents/Projects/Isel/SpaceInvader/VHDL/PriorityEnconder.vhd \
      EN work/PriorityEnconder 1592856123
FL C:/Users/marti/Documents/Projects/Isel/SpaceInvader/VHDL/Register_D.vhd 2020/06/03.17:14:36 P.20131013
EN work/Register_D 1592856117 \
      FL C:/Users/marti/Documents/Projects/Isel/SpaceInvader/VHDL/Register_D.vhd \
      PB ieee/std_logic_1164 1381692176
AR work/Register_D/Behavioral 1592856118 \
      FL C:/Users/marti/Documents/Projects/Isel/SpaceInvader/VHDL/Register_D.vhd \
      EN work/Register_D 1592856117
FL C:/Users/marti/Documents/Projects/Isel/SpaceInvader/VHDL/Register_T.vhd 2020/06/03.17:14:36 P.20131013
EN work/Register_T 1592856115 \
      FL C:/Users/marti/Documents/Projects/Isel/SpaceInvader/VHDL/Register_T.vhd \
      PB ieee/std_logic_1164 1381692176
AR work/Register_T/Behavioral 1592856116 \
      FL C:/Users/marti/Documents/Projects/Isel/SpaceInvader/VHDL/Register_T.vhd \
      EN work/Register_T 1592856115
FL C:/Users/marti/Documents/Projects/Isel/SpaceInvader/VHDL/SerialControl.vhd 2020/06/03.17:14:36 P.20131013
EN work/SerialControl 1592856125 \
      FL C:/Users/marti/Documents/Projects/Isel/SpaceInvader/VHDL/SerialControl.vhd \
      PB ieee/std_logic_1164 1381692176
AR work/SerialControl/Structural 1592856126 \
      FL C:/Users/marti/Documents/Projects/Isel/SpaceInvader/VHDL/SerialControl.vhd \
      EN work/SerialControl 1592856125
FL C:/Users/marti/Documents/Projects/Isel/SpaceInvader/VHDL/SerialReceiver.vhd 2020/06/03.17:14:36 P.20131013
EN work/SerialReceiver 1592856139 \
      FL C:/Users/marti/Documents/Projects/Isel/SpaceInvader/VHDL/SerialReceiver.vhd \
      PB ieee/std_logic_1164 1381692176
AR work/SerialReceiver/Structural 1592856140 \
      FL C:/Users/marti/Documents/Projects/Isel/SpaceInvader/VHDL/SerialReceiver.vhd \
      EN work/SerialReceiver 1592856139 CP SerialControl CP ParityCheck \
      CP Counter3bit CP ShiftRegister
FL C:/Users/marti/Documents/Projects/Isel/SpaceInvader/VHDL/ShiftRegister.vhd 2020/06/03.17:14:36 P.20131013
EN work/ShiftRegister 1592856131 \
      FL C:/Users/marti/Documents/Projects/Isel/SpaceInvader/VHDL/ShiftRegister.vhd \
      PB ieee/std_logic_1164 1381692176
AR work/ShiftRegister/Behavioral 1592856132 \
      FL C:/Users/marti/Documents/Projects/Isel/SpaceInvader/VHDL/ShiftRegister.vhd \
      EN work/ShiftRegister 1592856131
FL C:/Users/marti/Documents/Projects/Isel/SpaceInvader/VHDL/SLCDC.vhd 2020/06/21.18:15:21 P.20131013
EN work/SLCDC 1592856149 \
      FL C:/Users/marti/Documents/Projects/Isel/SpaceInvader/VHDL/SLCDC.vhd \
      PB ieee/std_logic_1164 1381692176
AR work/SLCDC/Structural 1592856150 \
      FL C:/Users/marti/Documents/Projects/Isel/SpaceInvader/VHDL/SLCDC.vhd \
      EN work/SLCDC 1592856149 CP SerialReceiver CP LCDDispatcher
FL C:/Users/marti/Documents/Projects/Isel/SpaceInvader/VHDL/SpaceInvaderWrapper.vhd 2020/06/22.21:01:53 P.20131013
EN work/SpaceInvaderWrapper 1592856151 \
      FL C:/Users/marti/Documents/Projects/Isel/SpaceInvader/VHDL/SpaceInvaderWrapper.vhd \
      PB ieee/std_logic_1164 1381692176
AR work/SpaceInvaderWrapper/Behavioral 1592856152 \
      FL C:/Users/marti/Documents/Projects/Isel/SpaceInvader/VHDL/SpaceInvaderWrapper.vhd \
      EN work/SpaceInvaderWrapper 1592856151 CP KeyboardReader CP SLCDC
